// Jest Snapshot v1, https://goo.gl/fbAQLP

exports[`AddAdminBar unit test AddAdminBar Snapshot test 1`] = `
<div
  className="MuiBox-root css-11fmhea"
>
  <div
    aria-expanded={false}
    aria-owns={null}
    className="MuiAutocomplete-root css-3ja3g8-MuiAutocomplete-root"
    onClick={[Function]}
    onKeyDown={[Function]}
    onMouseDown={[Function]}
    role="combobox"
  >
    <div
      className="MuiFormControl-root MuiFormControl-fullWidth MuiTextField-root css-wb57ya-MuiFormControl-root-MuiTextField-root"
    >
      <label
        className="MuiInputLabel-root MuiInputLabel-formControl MuiInputLabel-animated MuiInputLabel-outlined MuiFormLabel-root MuiFormLabel-colorPrimary css-14s5rfu-MuiFormLabel-root-MuiInputLabel-root"
        data-shrink={false}
        htmlFor="free-solo"
        id="free-solo-label"
      >
        User Name
      </label>
      <div
        className="MuiOutlinedInput-root MuiInputBase-root MuiInputBase-colorPrimary MuiInputBase-fullWidth MuiInputBase-formControl MuiInputBase-adornedEnd MuiAutocomplete-inputRoot css-154xyx0-MuiInputBase-root-MuiOutlinedInput-root"
        onClick={[Function]}
      >
        <input
          aria-activedescendant={null}
          aria-autocomplete="list"
          aria-controls={null}
          aria-invalid={false}
          autoCapitalize="none"
          autoComplete="off"
          autoFocus={false}
          className="MuiOutlinedInput-input MuiInputBase-input MuiInputBase-inputTypeSearch MuiInputBase-inputAdornedEnd MuiAutocomplete-input MuiAutocomplete-inputFocused css-1j5luls-MuiInputBase-input-MuiOutlinedInput-input"
          disabled={false}
          id="free-solo"
          onAnimationStart={[Function]}
          onBlur={[Function]}
          onChange={[Function]}
          onFocus={[Function]}
          onMouseDown={[Function]}
          required={false}
          spellCheck="false"
          type="search"
          value=""
        />
        <div
          className="MuiAutocomplete-endAdornment css-1q60rmi-MuiAutocomplete-endAdornment"
        />
        <fieldset
          aria-hidden={true}
          className="MuiOutlinedInput-notchedOutline css-1d3z3hw-MuiOutlinedInput-notchedOutline"
        >
          <legend
            className="css-173wfxe"
          >
            <span>
              User Name
            </span>
          </legend>
        </fieldset>
      </div>
    </div>
  </div>
  <button
    className="MuiButton-root MuiButton-contained MuiButton-containedPrimary MuiButton-sizeMedium MuiButton-containedSizeMedium MuiButtonBase-root  css-dcq3k7-MuiButtonBase-root-MuiButton-root"
    disabled={false}
    onBlur={[Function]}
    onClick={[Function]}
    onContextMenu={[Function]}
    onDragLeave={[Function]}
    onFocus={[Function]}
    onKeyDown={[Function]}
    onKeyUp={[Function]}
    onMouseDown={[Function]}
    onMouseLeave={[Function]}
    onMouseUp={[Function]}
    onTouchEnd={[Function]}
    onTouchMove={[Function]}
    onTouchStart={[Function]}
    tabIndex={0}
    type="button"
  >
    ADD
  </button>
</div>
`;
