// Jest Snapshot v1, https://goo.gl/fbAQLP

exports[`PostMedia unit test PostMedia Snapshot test 1`] = `""`;
