// Jest Snapshot v1, https://goo.gl/fbAQLP

exports[`GroupView test GroupView Snapshot test 1`] = `null`;
