// Jest Snapshot v1, https://goo.gl/fbAQLP

exports[`Comments unit test Comments Snapshot test 1`] = `
<div
  className="css-n481zt-MuiStack-root"
>
  <div
    className="MuiPaper-root MuiPaper-elevation MuiPaper-rounded MuiPaper-elevation1 MuiCard-root css-1nieira-MuiPaper-root-MuiCard-root"
  >
    <div
      className="MuiCardHeader-root css-185gdzj-MuiCardHeader-root"
    >
      <div
        className="MuiCardHeader-avatar css-1ssile9-MuiCardHeader-avatar"
      >
        <div
          className="MuiAvatar-root MuiAvatar-circular MuiAvatar-colorDefault css-x7yxgc-MuiAvatar-root"
          onClick={[Function]}
        >
          <svg
            aria-hidden={true}
            className="MuiSvgIcon-root MuiSvgIcon-fontSizeMedium MuiAvatar-fallback css-10mi8st-MuiSvgIcon-root-MuiAvatar-fallback"
            data-testid="PersonIcon"
            focusable="false"
            viewBox="0 0 24 24"
          >
            <path
              d="M12 12c2.21 0 4-1.79 4-4s-1.79-4-4-4-4 1.79-4 4 1.79 4 4 4zm0 2c-2.67 0-8 1.34-8 4v2h16v-2c0-2.66-5.33-4-8-4z"
            />
          </svg>
        </div>
      </div>
      <div
        className="MuiCardHeader-content css-1qbkelo-MuiCardHeader-content"
      >
        <span
          className="MuiTypography-root MuiTypography-body2 MuiCardHeader-subheader css-83ijpv-MuiTypography-root"
        >
          Invalid Date
        </span>
      </div>
    </div>
    <div
      className="MuiCardContent-root css-46bh2p-MuiCardContent-root"
    >
      <p
        className="MuiTypography-root MuiTypography-body2 css-r40f8v-MuiTypography-root"
      />
    </div>
    <div
      className="MuiCardActions-root css-1rwjz6-MuiCardActions-root"
    >
      
    </div>
  </div>
</div>
`;
