// Jest Snapshot v1, https://goo.gl/fbAQLP

exports[`FileChip unit test FileChip Snapshot test 1`] = `
<ul
  className="MuiBox-root css-a9m3sx"
>
  <div
    className="MuiButtonBase-root MuiChip-root MuiChip-outlined MuiChip-sizeMedium MuiChip-colorPrimary MuiChip-deletable MuiChip-deletableColorPrimary MuiChip-outlinedPrimary css-1l4dgo2-MuiButtonBase-root-MuiChip-root"
    onBlur={[Function]}
    onContextMenu={[Function]}
    onDragLeave={[Function]}
    onFocus={[Function]}
    onKeyDown={[Function]}
    onKeyUp={[Function]}
    onMouseDown={[Function]}
    onMouseLeave={[Function]}
    onMouseUp={[Function]}
    onTouchEnd={[Function]}
    onTouchMove={[Function]}
    onTouchStart={[Function]}
    role="button"
    tabIndex={0}
  >
    <span
      className="MuiChip-label MuiChip-labelMedium css-6od3lo-MuiChip-label"
    >
      good file
    </span>
    <svg
      aria-hidden={true}
      className="MuiSvgIcon-root MuiSvgIcon-fontSizeMedium MuiChip-deleteIcon MuiChip-deleteIconMedium MuiChip-deleteIconColorPrimary MuiChip-deleteIconOutlinedColorPrimary css-i4bv87-MuiSvgIcon-root"
      data-testid="CancelIcon"
      focusable="false"
      onClick={[Function]}
      viewBox="0 0 24 24"
    >
      <path
        d="M12 2C6.47 2 2 6.47 2 12s4.47 10 10 10 10-4.47 10-10S17.53 2 12 2zm5 13.59L15.59 17 12 13.41 8.41 17 7 15.59 10.59 12 7 8.41 8.41 7 12 10.59 15.59 7 17 8.41 13.41 12 17 15.59z"
      />
    </svg>
  </div>
</ul>
`;
